ADD 1 ASK 100 50
ADD 2 ASK 101 100
ADD 3 BID 99 220
ADD 4 BID 100 100
TRADE 1 100 50
TRADE 4 100 50
DELETE 2
