TRADE order2 1010 10 order3 1000 10
TRADE order1 1000 5 order3 1000 5
